// Jest Snapshot v1, https://goo.gl/fbAQLP

exports[`renders without crashing 1`] = `
<span
  class="FileProgress"
>
  <div>
    <p
      class="FileProgress-Name"
    >
      asdf
    </p>
    <progress>
      
    </progress>
  </div>
  <button>
    Remove
  </button>
</span>
`;
