// Jest Snapshot v1, https://goo.gl/fbAQLP

exports[`renders without crashing 1`] = `
<header
  class="Header"
>
  <h1>
    
  </h1>
</header>
`;
