// Jest Snapshot v1, https://goo.gl/fbAQLP

exports[`renders without crashing 1`] = `
<div
  class="Progressbar"
>
  <div
    class="Progressbar-Fill"
    style="width:0%"
  >
    
  </div>
</div>
`;
