// Jest Snapshot v1, https://goo.gl/fbAQLP

exports[`renders without crashing 1`] = `
<div
  class="Snackbar"
>
  <p>
    
  </p>
  <button
    class="Button flat"
  >
    DISMISS
  </button>
</div>
`;
